[04-Apr-2025 14:57:23 Europe/Berlin] PHP Warning:  mysqli_connect(): (HY000/2002): No connection could be made because the target machine actively refused it in C:\xampp\htdocs\HouseSeeker\includes\db_connect.php on line 8
[04-Apr-2025 14:58:28 Europe/Berlin] PHP Warning:  mysqli_connect(): (HY000/2002): No connection could be made because the target machine actively refused it in C:\xampp\htdocs\HouseSeeker\includes\db_connect.php on line 8
[04-Apr-2025 15:25:08 Europe/Berlin] PHP Warning:  mysqli_connect(): Error while reading greeting packet. PID=10856 in C:\xampp\htdocs\HouseSeeker\includes\db_connect.php on line 8
[04-Apr-2025 15:25:08 Europe/Berlin] PHP Warning:  mysqli_connect(): (HY000/2006): MySQL server has gone away in C:\xampp\htdocs\HouseSeeker\includes\db_connect.php on line 8
[04-Apr-2025 15:25:08 Europe/Berlin] PHP Fatal error:  Maximum execution time of 120 seconds exceeded in C:\xampp\htdocs\HouseSeeker\includes\db_connect.php on line 8
[05-Apr-2025 12:04:28 Europe/Berlin] PHP Warning:  Undefined array key "status" in C:\xampp\htdocs\HouseSeeker\landlord\dashboard.php on line 36
[05-Apr-2025 12:04:28 Europe/Berlin] PHP Warning:  Undefined array key "status" in C:\xampp\htdocs\HouseSeeker\landlord\dashboard.php on line 40
[05-Apr-2025 12:04:49 Europe/Berlin] PHP Warning:  Undefined array key "status" in C:\xampp\htdocs\HouseSeeker\landlord\add_house.php on line 49
[05-Apr-2025 12:04:49 Europe/Berlin] PHP Warning:  Undefined array key "status" in C:\xampp\htdocs\HouseSeeker\landlord\add_house.php on line 53
[05-Apr-2025 12:07:05 Europe/Berlin] House Insert Error: Unknown column 'vacant_rooms' in 'field list'
[05-Apr-2025 12:07:05 Europe/Berlin] PHP Warning:  Undefined array key "status" in C:\xampp\htdocs\HouseSeeker\landlord\add_house.php on line 49
[05-Apr-2025 12:07:05 Europe/Berlin] PHP Warning:  Undefined array key "status" in C:\xampp\htdocs\HouseSeeker\landlord\add_house.php on line 53
[05-Apr-2025 12:07:12 Europe/Berlin] PHP Warning:  Undefined array key "status" in C:\xampp\htdocs\HouseSeeker\landlord\dashboard.php on line 36
[05-Apr-2025 12:07:12 Europe/Berlin] PHP Warning:  Undefined array key "status" in C:\xampp\htdocs\HouseSeeker\landlord\dashboard.php on line 40
[05-Apr-2025 12:15:07 Europe/Berlin] PHP Fatal error:  Uncaught TypeError: mysqli_fetch_assoc(): Argument #1 ($result) must be of type mysqli_result, bool given in C:\xampp\htdocs\HouseSeeker\admin\payments.php:34
Stack trace:
#0 C:\xampp\htdocs\HouseSeeker\admin\payments.php(34): mysqli_fetch_assoc(false)
#1 {main}
  thrown in C:\xampp\htdocs\HouseSeeker\admin\payments.php on line 34
[05-Apr-2025 12:15:26 Europe/Berlin] PHP Fatal error:  Uncaught TypeError: mysqli_fetch_assoc(): Argument #1 ($result) must be of type mysqli_result, bool given in C:\xampp\htdocs\HouseSeeker\admin\payments.php:34
Stack trace:
#0 C:\xampp\htdocs\HouseSeeker\admin\payments.php(34): mysqli_fetch_assoc(false)
#1 {main}
  thrown in C:\xampp\htdocs\HouseSeeker\admin\payments.php on line 34
[05-Apr-2025 12:15:34 Europe/Berlin] PHP Fatal error:  Uncaught TypeError: mysqli_fetch_assoc(): Argument #1 ($result) must be of type mysqli_result, bool given in C:\xampp\htdocs\HouseSeeker\admin\payments.php:34
Stack trace:
#0 C:\xampp\htdocs\HouseSeeker\admin\payments.php(34): mysqli_fetch_assoc(false)
#1 {main}
  thrown in C:\xampp\htdocs\HouseSeeker\admin\payments.php on line 34
[05-Apr-2025 12:15:38 Europe/Berlin] PHP Fatal error:  Uncaught TypeError: mysqli_fetch_assoc(): Argument #1 ($result) must be of type mysqli_result, bool given in C:\xampp\htdocs\HouseSeeker\admin\payments.php:34
Stack trace:
#0 C:\xampp\htdocs\HouseSeeker\admin\payments.php(34): mysqli_fetch_assoc(false)
#1 {main}
  thrown in C:\xampp\htdocs\HouseSeeker\admin\payments.php on line 34
[05-Apr-2025 12:19:19 Europe/Berlin] PHP Fatal error:  Uncaught TypeError: mysqli_fetch_assoc(): Argument #1 ($result) must be of type mysqli_result, bool given in C:\xampp\htdocs\HouseSeeker\admin\payments.php:34
Stack trace:
#0 C:\xampp\htdocs\HouseSeeker\admin\payments.php(34): mysqli_fetch_assoc(false)
#1 {main}
  thrown in C:\xampp\htdocs\HouseSeeker\admin\payments.php on line 34
[05-Apr-2025 12:19:27 Europe/Berlin] PHP Fatal error:  Uncaught TypeError: mysqli_fetch_assoc(): Argument #1 ($result) must be of type mysqli_result, bool given in C:\xampp\htdocs\HouseSeeker\admin\payments.php:34
Stack trace:
#0 C:\xampp\htdocs\HouseSeeker\admin\payments.php(34): mysqli_fetch_assoc(false)
#1 {main}
  thrown in C:\xampp\htdocs\HouseSeeker\admin\payments.php on line 34
[05-Apr-2025 12:19:31 Europe/Berlin] PHP Fatal error:  Uncaught TypeError: mysqli_fetch_assoc(): Argument #1 ($result) must be of type mysqli_result, bool given in C:\xampp\htdocs\HouseSeeker\admin\payments.php:34
Stack trace:
#0 C:\xampp\htdocs\HouseSeeker\admin\payments.php(34): mysqli_fetch_assoc(false)
#1 {main}
  thrown in C:\xampp\htdocs\HouseSeeker\admin\payments.php on line 34
[05-Apr-2025 12:19:38 Europe/Berlin] PHP Fatal error:  Uncaught TypeError: mysqli_fetch_assoc(): Argument #1 ($result) must be of type mysqli_result, bool given in C:\xampp\htdocs\HouseSeeker\admin\payments.php:34
Stack trace:
#0 C:\xampp\htdocs\HouseSeeker\admin\payments.php(34): mysqli_fetch_assoc(false)
#1 {main}
  thrown in C:\xampp\htdocs\HouseSeeker\admin\payments.php on line 34
[05-Apr-2025 12:20:19 Europe/Berlin] PHP Warning:  Undefined array key "status" in C:\xampp\htdocs\HouseSeeker\landlord\dashboard.php on line 36
[05-Apr-2025 12:20:19 Europe/Berlin] PHP Warning:  Undefined array key "status" in C:\xampp\htdocs\HouseSeeker\landlord\dashboard.php on line 40
[05-Apr-2025 12:58:22 Europe/Berlin] PHP Warning:  Undefined array key "status" in C:\xampp\htdocs\HouseSeeker\landlord\add_house.php on line 49
[05-Apr-2025 12:58:22 Europe/Berlin] PHP Warning:  Undefined array key "status" in C:\xampp\htdocs\HouseSeeker\landlord\add_house.php on line 53
[05-Apr-2025 12:58:22 Europe/Berlin] PHP Warning:  Undefined array key "status" in C:\xampp\htdocs\HouseSeeker\landlord\add_house.php on line 49
[05-Apr-2025 12:58:22 Europe/Berlin] PHP Warning:  Undefined array key "status" in C:\xampp\htdocs\HouseSeeker\landlord\add_house.php on line 53
[05-Apr-2025 13:14:36 Europe/Berlin] PHP Fatal error:  Uncaught TypeError: mysqli_fetch_assoc(): Argument #1 ($result) must be of type mysqli_result, bool given in C:\xampp\htdocs\HouseSeeker\landlord\payments.php:48
Stack trace:
#0 C:\xampp\htdocs\HouseSeeker\landlord\payments.php(48): mysqli_fetch_assoc(false)
#1 {main}
  thrown in C:\xampp\htdocs\HouseSeeker\landlord\payments.php on line 48
[05-Apr-2025 13:20:46 Europe/Berlin] House Insert Error: Unknown column 'vacant_rooms' in 'field list'
[06-Apr-2025 17:51:44 Europe/Berlin] PHP Fatal error:  Uncaught TypeError: mysqli_stmt_execute(): Argument #1 ($statement) must be of type mysqli_stmt, bool given in C:\xampp\htdocs\HouseSeeker\student\apply.php:61
Stack trace:
#0 C:\xampp\htdocs\HouseSeeker\student\apply.php(61): mysqli_stmt_execute(false)
#1 {main}
  thrown in C:\xampp\htdocs\HouseSeeker\student\apply.php on line 61
[06-Apr-2025 18:07:41 Europe/Berlin] MySQL Prepare Error: Unknown column 'student_email' in 'field list'
[07-Apr-2025 07:28:51 Europe/Berlin] PHP Fatal error:  Uncaught ArgumentCountError: The number of variables must match the number of parameters in the prepared statement in C:\xampp\htdocs\HouseSeeker\student\apply.php:64
Stack trace:
#0 C:\xampp\htdocs\HouseSeeker\student\apply.php(64): mysqli_stmt_bind_param(Object(mysqli_stmt), 'iissss', 2, 3, 'meryl@gmail.com', '07123456788', 'i want the hous...', 'Pending')
#1 {main}
  thrown in C:\xampp\htdocs\HouseSeeker\student\apply.php on line 64
[07-Apr-2025 07:43:19 Europe/Berlin] PHP Fatal error:  Uncaught ArgumentCountError: The number of variables must match the number of parameters in the prepared statement in C:\xampp\htdocs\HouseSeeker\student\apply.php:64
Stack trace:
#0 C:\xampp\htdocs\HouseSeeker\student\apply.php(64): mysqli_stmt_bind_param(Object(mysqli_stmt), 'iissss', 2, 3, 'meryl@gmail.com', '07123456788', 'i want the hous...', 'Pending')
#1 {main}
  thrown in C:\xampp\htdocs\HouseSeeker\student\apply.php on line 64
[07-Apr-2025 07:56:44 Europe/Berlin] PHP Fatal error:  Uncaught TypeError: mysqli_stmt_bind_param(): Argument #1 ($statement) must be of type mysqli_stmt, bool given in C:\xampp\htdocs\HouseSeeker\student\applications.php:55
Stack trace:
#0 C:\xampp\htdocs\HouseSeeker\student\applications.php(55): mysqli_stmt_bind_param(false, 'ii', '3', 2)
#1 {main}
  thrown in C:\xampp\htdocs\HouseSeeker\student\applications.php on line 55
[07-Apr-2025 08:15:41 Europe/Berlin] PHP Fatal error:  Uncaught TypeError: mysqli_fetch_assoc(): Argument #1 ($result) must be of type mysqli_result, array given in C:\xampp\htdocs\HouseSeeker\landlord\approve_application.php:20
Stack trace:
#0 C:\xampp\htdocs\HouseSeeker\landlord\approve_application.php(20): mysqli_fetch_assoc(Array)
#1 {main}
  thrown in C:\xampp\htdocs\HouseSeeker\landlord\approve_application.php on line 20
[07-Apr-2025 08:26:33 Europe/Berlin] MySQL Prepare Error: Unknown column 'h.rent' in 'where clause'
[07-Apr-2025 08:41:47 Europe/Berlin] PHP Fatal error:  Uncaught TypeError: mysqli_fetch_assoc(): Argument #1 ($result) must be of type mysqli_result, array given in C:\xampp\htdocs\HouseSeeker\landlord\approve_application.php:20
Stack trace:
#0 C:\xampp\htdocs\HouseSeeker\landlord\approve_application.php(20): mysqli_fetch_assoc(Array)
#1 {main}
  thrown in C:\xampp\htdocs\HouseSeeker\landlord\approve_application.php on line 20
